{"count":15,"level":"warn","message":"Security alert triggered","reason":"High activity volume","timestamp":"2025-07-14T13:34:24.342Z"}
{"count":5,"level":"warn","message":"Security alert triggered","reason":"Repeated failures for update_record","timestamp":"2025-07-14T13:34:24.342Z"}
{"count":15,"level":"warn","message":"Security alert triggered","reason":"High activity volume","timestamp":"2025-07-14T13:38:20.028Z"}
{"count":5,"level":"warn","message":"Security alert triggered","reason":"Repeated failures for update_record","timestamp":"2025-07-14T13:38:20.028Z"}
{"durationMs":7,"format":"csv","level":"info","message":"Activity export completed","timestamp":"2025-07-14T13:56:19.785Z","total":0}
{"durationMs":3,"format":"json","level":"info","message":"Activity export completed","timestamp":"2025-07-14T13:56:19.793Z","total":0}
{"durationMs":3,"format":"csv","level":"info","message":"Activity export completed","timestamp":"2025-07-14T13:56:57.289Z","total":0}
{"durationMs":1,"format":"json","level":"info","message":"Activity export completed","timestamp":"2025-07-14T13:56:57.296Z","total":0}
{"durationMs":1,"format":"xlsx","level":"info","message":"Activity export completed","timestamp":"2025-07-14T13:56:57.299Z","total":0}
{"error":"db offline","level":"error","message":"Activity logging failed","timestamp":"2025-07-14T14:16:46.329Z"}
{"count":15,"level":"warn","message":"Security alert triggered","reason":"High activity volume","timestamp":"2025-07-14T14:16:57.652Z"}
{"count":5,"level":"warn","message":"Security alert triggered","reason":"Repeated failures for update_record","timestamp":"2025-07-14T14:16:57.652Z"}
{"error":"db offline","level":"error","message":"Activity logging failed","timestamp":"2025-07-14T14:17:01.993Z"}
{"filters":{},"level":"info","message":"Activity statistics generated","timestamp":"2025-07-14T14:17:02.926Z"}
{"error":"DB failure","level":"error","message":"Failed to generate activity statistics","timestamp":"2025-07-14T14:17:02.932Z"}
{"error":"db offline","level":"error","message":"Activity logging failed","timestamp":"2025-07-14T14:19:39.308Z"}
{"error":"db offline","level":"error","message":"Activity logging failed","timestamp":"2025-07-14T14:19:54.450Z"}
{"error":"db offline","level":"error","message":"Activity logging failed","timestamp":"2025-07-14T14:20:03.763Z"}
{"error":"db offline","level":"error","message":"Activity logging failed","timestamp":"2025-07-14T14:20:08.771Z"}
{"filters":{},"level":"info","message":"Activity statistics generated","timestamp":"2025-07-15T00:50:20.597Z"}
{"error":"DB failure","level":"error","message":"Failed to generate activity statistics","timestamp":"2025-07-15T00:50:20.602Z"}
{"count":15,"level":"warn","message":"Security alert triggered","reason":"High activity volume","timestamp":"2025-07-15T00:58:19.841Z"}
{"count":5,"level":"warn","message":"Security alert triggered","reason":"Repeated failures for update_record","timestamp":"2025-07-15T00:58:19.841Z"}
{"filters":{},"level":"info","message":"Activity statistics generated","timestamp":"2025-07-15T00:58:27.984Z"}
{"error":"DB failure","level":"error","message":"Failed to generate activity statistics","timestamp":"2025-07-15T00:58:27.994Z"}
{"error":"db offline","level":"error","message":"Activity logging failed","timestamp":"2025-07-15T01:45:13.458Z"}
{"error":"db offline","level":"error","message":"Activity logging failed","timestamp":"2025-07-15T01:52:30.834Z"}
{"level":"info","message":"assignRole: success","roleId":5,"timestamp":"2025-07-15T02:52:33.619Z","userId":10}
{"level":"info","message":"assignRole: duplicate ignored","roleId":5,"timestamp":"2025-07-15T02:52:33.626Z","userId":10}
{"level":"info","message":"revokeRole","numDeleted":1,"roleId":5,"timestamp":"2025-07-15T02:52:33.629Z","userId":10}
{"level":"info","message":"assignRole: success","roleId":5,"timestamp":"2025-07-15T02:52:38.192Z","userId":10}
{"level":"info","message":"assignRole: duplicate ignored","roleId":5,"timestamp":"2025-07-15T02:52:38.199Z","userId":10}
{"level":"info","message":"revokeRole","numDeleted":1,"roleId":5,"timestamp":"2025-07-15T02:52:38.201Z","userId":10}
{"level":"warn","message":"authorize: unauthenticated access","permission":"posts.read","timestamp":"2025-07-15T03:02:49.889Z"}
{"level":"info","message":"authorize: forbidden","permission":"posts.update","timestamp":"2025-07-15T03:02:49.899Z","userId":1}
{"level":"warn","message":"authorize: unauthenticated access","permission":"posts.read","timestamp":"2025-07-15T03:05:05.349Z"}
{"level":"info","message":"authorize: forbidden","permission":"posts.update","timestamp":"2025-07-15T03:05:05.356Z","userId":1}
{"count":15,"level":"warn","message":"Security alert triggered","reason":"High activity volume","timestamp":"2025-07-16T05:04:29.850Z"}
{"count":5,"level":"warn","message":"Security alert triggered","reason":"Repeated failures for update_record","timestamp":"2025-07-16T05:04:29.850Z"}
{"level":"info","message":"assignRole: success","roleId":5,"timestamp":"2025-07-16T05:04:29.937Z","userId":10}
{"level":"info","message":"assignRole: duplicate ignored","roleId":5,"timestamp":"2025-07-16T05:04:29.959Z","userId":10}
{"level":"info","message":"revokeRole","numDeleted":1,"roleId":5,"timestamp":"2025-07-16T05:04:29.962Z","userId":10}
{"filters":{},"level":"info","message":"Activity statistics generated","timestamp":"2025-07-16T05:04:32.049Z"}
{"error":"DB failure","level":"error","message":"Failed to generate activity statistics","timestamp":"2025-07-16T05:04:32.059Z"}
{"level":"warn","message":"authorize: unauthenticated access","permission":"jobs.manage","timestamp":"2025-07-22T11:52:15.178Z"}
{"level":"warn","message":"authorize: unauthenticated access","permission":"jobs.manage","timestamp":"2025-07-22T11:52:24.444Z"}
{"level":"warn","message":"authorize: unauthenticated access","permission":"jobs.manage","timestamp":"2025-07-22T11:56:56.681Z"}
{"level":"warn","message":"authorize: unauthenticated access","permission":"jobs.manage","timestamp":"2025-07-22T11:59:53.006Z"}
{"level":"warn","message":"authorize: unauthenticated access","permission":"jobs.manage","timestamp":"2025-07-22T12:30:19.466Z"}
{"level":"warn","message":"authorize: unauthenticated access","permission":"jobs.manage","timestamp":"2025-07-22T12:31:17.308Z"}
{"level":"warn","message":"authorize: unauthenticated access","permission":"jobs.manage","timestamp":"2025-07-22T12:32:09.525Z"}
{"level":"warn","message":"authorize: unauthenticated access","permission":"jobs.manage","timestamp":"2025-07-22T12:34:22.310Z"}
{"level":"warn","message":"authorize: unauthenticated access","permission":"jobs.manage","timestamp":"2025-07-22T13:19:50.006Z"}
{"level":"warn","message":"authorize: unauthenticated access","permission":"jobs.manage","timestamp":"2025-07-22T13:22:14.536Z"}
{"level":"warn","message":"authorize: unauthenticated access","permission":"roles.view","timestamp":"2025-07-23T07:40:46.495Z"}
{"level":"info","message":"assignRole: success","roleId":5,"timestamp":"2025-07-23T08:23:44.164Z","userId":10}
{"level":"info","message":"assignRole: duplicate ignored","roleId":5,"timestamp":"2025-07-23T08:23:44.182Z","userId":10}
{"level":"info","message":"revokeRole","numDeleted":1,"roleId":5,"timestamp":"2025-07-23T08:23:44.186Z","userId":10}
{"count":15,"level":"warn","message":"Security alert triggered","reason":"High activity volume","timestamp":"2025-07-23T08:23:47.327Z"}
{"count":5,"level":"warn","message":"Security alert triggered","reason":"Repeated failures for update_record","timestamp":"2025-07-23T08:23:47.327Z"}
{"filters":{},"level":"info","message":"Activity statistics generated","timestamp":"2025-07-23T08:23:47.545Z"}
{"error":"DB failure","level":"error","message":"Failed to generate activity statistics","timestamp":"2025-07-23T08:23:47.570Z"}
{"level":"warn","message":"SlugGenerationService.regenerateSlug validation failed","reason":"Title is required","timestamp":"2025-07-23T08:23:48.067Z"}
{"err":{},"level":"error","message":"SlugGenerationService.generateSlug error","timestamp":"2025-07-23T08:23:50.350Z"}
{"err":{},"level":"error","message":"SlugGenerationService.generateSlug error","timestamp":"2025-07-23T08:23:50.433Z"}
{"err":{},"level":"error","message":"SlugGenerationService.generateSlug error","timestamp":"2025-07-23T08:23:50.466Z"}
{"level":"warn","message":"URLConstructionService: Invalid slug","slug":"","timestamp":"2025-07-23T08:23:51.165Z"}
{"level":"warn","message":"URLConstructionService: Invalid uuid","timestamp":"2025-07-23T08:23:51.220Z","uuid":""}
{"level":"warn","message":"URLConstructionService: Invalid slug","slug":"","timestamp":"2025-07-23T08:23:51.235Z"}
{"level":"warn","message":"authorize: unauthenticated access","permission":"posts.read","timestamp":"2025-07-23T08:23:57.312Z"}
{"level":"info","message":"authorize: forbidden","permission":"posts.update","timestamp":"2025-07-23T08:23:57.341Z","userId":1}
{"SMTP_HOST":"sandbox.smtp.mailtrap.io","SMTP_PORT":"2525","SMTP_USER":"8d7a4e5c2342e5","level":"info","message":"EmailService: SMTP transporter initialized","timestamp":"2025-07-23T08:37:24.964Z"}
{"SMTP_HOST":"sandbox.smtp.mailtrap.io","SMTP_PORT":"2525","SMTP_USER":"8d7a4e5c2342e5","level":"info","message":"EmailService: SMTP transporter initialized","timestamp":"2025-07-23T09:02:14.866Z"}
{"SMTP_HOST":"sandbox.smtp.mailtrap.io","SMTP_PORT":"2525","SMTP_USER":"8d7a4e5c2342e5","level":"info","message":"EmailService: SMTP transporter initialized","timestamp":"2025-07-23T11:58:23.598Z"}
{"SMTP_HOST":"sandbox.smtp.mailtrap.io","SMTP_PORT":"2525","SMTP_USER":"8d7a4e5c2342e5","level":"info","message":"EmailService: SMTP transporter initialized","timestamp":"2025-07-23T11:59:16.929Z"}
{"SMTP_HOST":"sandbox.smtp.mailtrap.io","SMTP_PORT":"2525","SMTP_USER":"8d7a4e5c2342e5","level":"info","message":"EmailService: SMTP transporter initialized","timestamp":"2025-07-23T12:10:40.035Z"}
{"SMTP_HOST":"sandbox.smtp.mailtrap.io","SMTP_PORT":"2525","SMTP_USER":"8d7a4e5c2342e5","level":"info","message":"EmailService: SMTP transporter initialized","timestamp":"2025-07-23T12:56:17.732Z"}
{"SMTP_HOST":"sandbox.smtp.mailtrap.io","SMTP_PORT":"2525","SMTP_USER":"8d7a4e5c2342e5","level":"info","message":"EmailService: SMTP transporter initialized","timestamp":"2025-07-23T13:32:09.609Z"}
{"SMTP_HOST":"sandbox.smtp.mailtrap.io","SMTP_PORT":"2525","SMTP_USER":"8d7a4e5c2342e5","level":"info","message":"EmailService: SMTP transporter initialized","timestamp":"2025-07-23T13:37:53.116Z"}
{"SMTP_HOST":"sandbox.smtp.mailtrap.io","SMTP_PORT":"2525","SMTP_USER":"8d7a4e5c2342e5","level":"info","message":"EmailService: SMTP transporter initialized","timestamp":"2025-07-23T13:44:54.012Z"}
{"SMTP_HOST":"sandbox.smtp.mailtrap.io","SMTP_PORT":"2525","SMTP_USER":"8d7a4e5c2342e5","level":"info","message":"EmailService: SMTP transporter initialized","timestamp":"2025-07-23T13:46:18.053Z"}
{"SMTP_HOST":"sandbox.smtp.mailtrap.io","SMTP_PORT":"2525","SMTP_USER":"8d7a4e5c2342e5","level":"info","message":"EmailService: SMTP transporter initialized","timestamp":"2025-07-23T13:48:02.647Z"}
{"SMTP_HOST":"sandbox.smtp.mailtrap.io","SMTP_PORT":"2525","SMTP_USER":"8d7a4e5c2342e5","level":"info","message":"EmailService: SMTP transporter initialized","timestamp":"2025-07-23T13:48:40.835Z"}
{"SMTP_HOST":"sandbox.smtp.mailtrap.io","SMTP_PORT":"2525","SMTP_USER":"8d7a4e5c2342e5","level":"info","message":"EmailService: SMTP transporter initialized","timestamp":"2025-07-23T13:49:37.285Z"}
{"SMTP_HOST":"sandbox.smtp.mailtrap.io","SMTP_PORT":"2525","SMTP_USER":"8d7a4e5c2342e5","level":"info","message":"EmailService: SMTP transporter initialized","timestamp":"2025-07-23T13:50:30.944Z"}
{"SMTP_HOST":"sandbox.smtp.mailtrap.io","SMTP_PORT":"2525","SMTP_USER":"8d7a4e5c2342e5","level":"info","message":"EmailService: SMTP transporter initialized","timestamp":"2025-07-23T13:51:42.606Z"}
{"SMTP_HOST":"sandbox.smtp.mailtrap.io","SMTP_PORT":"2525","SMTP_USER":"8d7a4e5c2342e5","level":"info","message":"EmailService: SMTP transporter initialized","timestamp":"2025-07-23T14:18:57.559Z"}
{"SMTP_HOST":"sandbox.smtp.mailtrap.io","SMTP_PORT":"2525","SMTP_USER":"8d7a4e5c2342e5","level":"info","message":"EmailService: SMTP transporter initialized","timestamp":"2025-07-23T14:20:06.411Z"}
{"SMTP_HOST":"sandbox.smtp.mailtrap.io","SMTP_PORT":"2525","SMTP_USER":"8d7a4e5c2342e5","level":"info","message":"EmailService: SMTP transporter initialized","timestamp":"2025-07-23T14:21:14.323Z"}
{"SMTP_HOST":"sandbox.smtp.mailtrap.io","SMTP_PORT":"2525","SMTP_USER":"8d7a4e5c2342e5","level":"info","message":"EmailService: SMTP transporter initialized","timestamp":"2025-07-23T14:21:50.523Z"}
{"SMTP_HOST":"sandbox.smtp.mailtrap.io","SMTP_PORT":"2525","SMTP_USER":"8d7a4e5c2342e5","level":"info","message":"EmailService: SMTP transporter initialized","timestamp":"2025-07-23T14:22:22.924Z"}
{"SMTP_HOST":"sandbox.smtp.mailtrap.io","SMTP_PORT":"2525","SMTP_USER":"8d7a4e5c2342e5","level":"info","message":"EmailService: SMTP transporter initialized","timestamp":"2025-07-23T14:23:53.520Z"}
{"SMTP_HOST":"sandbox.smtp.mailtrap.io","SMTP_PORT":"2525","SMTP_USER":"8d7a4e5c2342e5","level":"info","message":"EmailService: SMTP transporter initialized","timestamp":"2025-07-23T14:28:53.149Z"}
{"SMTP_HOST":"sandbox.smtp.mailtrap.io","SMTP_PORT":"2525","SMTP_USER":"8d7a4e5c2342e5","level":"info","message":"EmailService: SMTP transporter initialized","timestamp":"2025-07-23T14:29:32.795Z"}
{"SMTP_HOST":"sandbox.smtp.mailtrap.io","SMTP_PORT":"2525","SMTP_USER":"8d7a4e5c2342e5","level":"info","message":"EmailService: SMTP transporter initialized","timestamp":"2025-07-23T14:30:52.389Z"}
{"SMTP_HOST":"sandbox.smtp.mailtrap.io","SMTP_PORT":"2525","SMTP_USER":"8d7a4e5c2342e5","level":"info","message":"EmailService: SMTP transporter initialized","timestamp":"2025-07-23T14:32:10.333Z"}
{"SMTP_HOST":"sandbox.smtp.mailtrap.io","SMTP_PORT":"2525","SMTP_USER":"8d7a4e5c2342e5","level":"info","message":"EmailService: SMTP transporter initialized","timestamp":"2025-07-23T14:33:13.608Z"}
{"SMTP_HOST":"sandbox.smtp.mailtrap.io","SMTP_PORT":"2525","SMTP_USER":"8d7a4e5c2342e5","level":"info","message":"EmailService: SMTP transporter initialized","timestamp":"2025-07-23T14:35:09.838Z"}
{"SMTP_HOST":"sandbox.smtp.mailtrap.io","SMTP_PORT":"2525","SMTP_USER":"8d7a4e5c2342e5","level":"info","message":"EmailService: SMTP transporter initialized","timestamp":"2025-07-23T14:35:56.632Z"}
{"SMTP_HOST":"sandbox.smtp.mailtrap.io","SMTP_PORT":"2525","SMTP_USER":"8d7a4e5c2342e5","level":"info","message":"EmailService: SMTP transporter initialized","timestamp":"2025-07-23T14:36:42.097Z"}
{"SMTP_HOST":"sandbox.smtp.mailtrap.io","SMTP_PORT":"2525","SMTP_USER":"8d7a4e5c2342e5","level":"info","message":"EmailService: SMTP transporter initialized","timestamp":"2025-07-23T14:37:58.854Z"}
{"SMTP_HOST":"sandbox.smtp.mailtrap.io","SMTP_PORT":"2525","SMTP_USER":"8d7a4e5c2342e5","level":"info","message":"EmailService: SMTP transporter initialized","timestamp":"2025-07-23T14:39:04.685Z"}
{"SMTP_HOST":"sandbox.smtp.mailtrap.io","SMTP_PORT":"2525","SMTP_USER":"8d7a4e5c2342e5","level":"info","message":"EmailService: SMTP transporter initialized","timestamp":"2025-07-23T14:39:33.658Z"}
{"SMTP_HOST":"sandbox.smtp.mailtrap.io","SMTP_PORT":"2525","SMTP_USER":"8d7a4e5c2342e5","level":"info","message":"EmailService: SMTP transporter initialized","timestamp":"2025-07-23T14:41:23.185Z"}
{"SMTP_HOST":"sandbox.smtp.mailtrap.io","SMTP_PORT":"2525","SMTP_USER":"8d7a4e5c2342e5","level":"info","message":"EmailService: SMTP transporter initialized","timestamp":"2025-07-23T14:49:03.880Z"}
{"SMTP_HOST":"sandbox.smtp.mailtrap.io","SMTP_PORT":"2525","SMTP_USER":"8d7a4e5c2342e5","level":"info","message":"EmailService: SMTP transporter initialized","timestamp":"2025-07-23T14:52:04.623Z"}
{"SMTP_HOST":"sandbox.smtp.mailtrap.io","SMTP_PORT":"2525","SMTP_USER":"8d7a4e5c2342e5","level":"info","message":"EmailService: SMTP transporter initialized","timestamp":"2025-07-23T14:56:44.276Z"}
{"SMTP_HOST":"sandbox.smtp.mailtrap.io","SMTP_PORT":"2525","SMTP_USER":"8d7a4e5c2342e5","level":"info","message":"EmailService: SMTP transporter initialized","timestamp":"2025-07-23T14:58:36.791Z"}
{"SMTP_HOST":"sandbox.smtp.mailtrap.io","SMTP_PORT":"2525","SMTP_USER":"8d7a4e5c2342e5","level":"info","message":"EmailService: SMTP transporter initialized","timestamp":"2025-07-23T15:00:28.795Z"}
{"SMTP_HOST":"sandbox.smtp.mailtrap.io","SMTP_PORT":"2525","SMTP_USER":"8d7a4e5c2342e5","level":"info","message":"EmailService: SMTP transporter initialized","timestamp":"2025-07-23T15:03:42.983Z"}
{"SMTP_HOST":"sandbox.smtp.mailtrap.io","SMTP_PORT":"2525","SMTP_USER":"8d7a4e5c2342e5","level":"info","message":"EmailService: SMTP transporter initialized","timestamp":"2025-07-23T15:09:01.712Z"}
{"SMTP_HOST":"sandbox.smtp.mailtrap.io","SMTP_PORT":"2525","SMTP_USER":"8d7a4e5c2342e5","level":"info","message":"EmailService: SMTP transporter initialized","timestamp":"2025-07-23T15:10:20.826Z"}
{"SMTP_HOST":"sandbox.smtp.mailtrap.io","SMTP_PORT":"2525","SMTP_USER":"8d7a4e5c2342e5","level":"info","message":"EmailService: SMTP transporter initialized","timestamp":"2025-07-23T15:10:58.587Z"}
{"SMTP_HOST":"sandbox.smtp.mailtrap.io","SMTP_PORT":"2525","SMTP_USER":"8d7a4e5c2342e5","level":"info","message":"EmailService: SMTP transporter initialized","timestamp":"2025-07-23T15:12:30.616Z"}
{"SMTP_HOST":"sandbox.smtp.mailtrap.io","SMTP_PORT":"2525","SMTP_USER":"8d7a4e5c2342e5","level":"info","message":"EmailService: SMTP transporter initialized","timestamp":"2025-07-23T15:13:05.635Z"}
{"SMTP_HOST":"sandbox.smtp.mailtrap.io","SMTP_PORT":"2525","SMTP_USER":"8d7a4e5c2342e5","level":"info","message":"EmailService: SMTP transporter initialized","timestamp":"2025-07-23T15:26:45.724Z"}
{"SMTP_HOST":"sandbox.smtp.mailtrap.io","SMTP_PORT":"2525","SMTP_USER":"8d7a4e5c2342e5","level":"info","message":"EmailService: SMTP transporter initialized","timestamp":"2025-07-23T15:27:55.111Z"}
{"SMTP_HOST":"sandbox.smtp.mailtrap.io","SMTP_PORT":"2525","SMTP_USER":"8d7a4e5c2342e5","level":"info","message":"EmailService: SMTP transporter initialized","timestamp":"2025-07-23T15:36:38.577Z"}
{"SMTP_HOST":"sandbox.smtp.mailtrap.io","SMTP_PORT":"2525","SMTP_USER":"8d7a4e5c2342e5","level":"info","message":"EmailService: SMTP transporter initialized","timestamp":"2025-07-23T15:37:48.888Z"}
{"SMTP_HOST":"sandbox.smtp.mailtrap.io","SMTP_PORT":"2525","SMTP_USER":"8d7a4e5c2342e5","level":"info","message":"EmailService: SMTP transporter initialized","timestamp":"2025-07-23T15:39:10.601Z"}
{"SMTP_HOST":"sandbox.smtp.mailtrap.io","SMTP_PORT":"2525","SMTP_USER":"8d7a4e5c2342e5","level":"info","message":"EmailService: SMTP transporter initialized","timestamp":"2025-07-23T15:40:54.428Z"}
{"SMTP_HOST":"sandbox.smtp.mailtrap.io","SMTP_PORT":"2525","SMTP_USER":"8d7a4e5c2342e5","level":"info","message":"EmailService: SMTP transporter initialized","timestamp":"2025-07-23T15:42:47.007Z"}
{"SMTP_HOST":"sandbox.smtp.mailtrap.io","SMTP_PORT":"2525","SMTP_USER":"8d7a4e5c2342e5","level":"info","message":"EmailService: SMTP transporter initialized","timestamp":"2025-07-23T15:43:45.786Z"}
{"SMTP_HOST":"sandbox.smtp.mailtrap.io","SMTP_PORT":"2525","SMTP_USER":"8d7a4e5c2342e5","level":"info","message":"EmailService: SMTP transporter initialized","timestamp":"2025-07-23T15:44:26.007Z"}
{"SMTP_HOST":"sandbox.smtp.mailtrap.io","SMTP_PORT":"2525","SMTP_USER":"8d7a4e5c2342e5","level":"info","message":"EmailService: SMTP transporter initialized","timestamp":"2025-07-23T15:49:47.167Z"}
{"SMTP_HOST":"sandbox.smtp.mailtrap.io","SMTP_PORT":"2525","SMTP_USER":"8d7a4e5c2342e5","level":"info","message":"EmailService: SMTP transporter initialized","timestamp":"2025-07-23T15:50:18.346Z"}
{"SMTP_HOST":"sandbox.smtp.mailtrap.io","SMTP_PORT":"2525","SMTP_USER":"8d7a4e5c2342e5","level":"info","message":"EmailService: SMTP transporter initialized","timestamp":"2025-07-23T15:51:39.893Z"}
{"SMTP_HOST":"sandbox.smtp.mailtrap.io","SMTP_PORT":"2525","SMTP_USER":"8d7a4e5c2342e5","level":"info","message":"EmailService: SMTP transporter initialized","timestamp":"2025-07-23T23:28:40.915Z"}
{"SMTP_HOST":"sandbox.smtp.mailtrap.io","SMTP_PORT":"2525","SMTP_USER":"8d7a4e5c2342e5","level":"info","message":"EmailService: SMTP transporter initialized","timestamp":"2025-07-23T23:44:55.197Z"}
{"SMTP_HOST":"sandbox.smtp.mailtrap.io","SMTP_PORT":"2525","SMTP_USER":"8d7a4e5c2342e5","level":"info","message":"EmailService: SMTP transporter initialized","timestamp":"2025-07-24T00:01:31.183Z"}
{"SMTP_HOST":"sandbox.smtp.mailtrap.io","SMTP_PORT":"2525","SMTP_USER":"8d7a4e5c2342e5","level":"info","message":"EmailService: SMTP transporter initialized","timestamp":"2025-07-24T00:10:00.624Z"}
{"SMTP_HOST":"sandbox.smtp.mailtrap.io","SMTP_PORT":"2525","SMTP_USER":"8d7a4e5c2342e5","level":"info","message":"EmailService: SMTP transporter initialized","timestamp":"2025-07-24T00:13:14.053Z"}
{"SMTP_HOST":"sandbox.smtp.mailtrap.io","SMTP_PORT":"2525","SMTP_USER":"8d7a4e5c2342e5","level":"info","message":"EmailService: SMTP transporter initialized","timestamp":"2025-07-24T00:14:03.499Z"}
{"SMTP_HOST":"sandbox.smtp.mailtrap.io","SMTP_PORT":"2525","SMTP_USER":"8d7a4e5c2342e5","level":"info","message":"EmailService: SMTP transporter initialized","timestamp":"2025-07-24T00:15:43.104Z"}
{"SMTP_HOST":"sandbox.smtp.mailtrap.io","SMTP_PORT":"2525","SMTP_USER":"8d7a4e5c2342e5","level":"info","message":"EmailService: SMTP transporter initialized","timestamp":"2025-07-24T00:18:34.718Z"}
{"SMTP_HOST":"sandbox.smtp.mailtrap.io","SMTP_PORT":"2525","SMTP_USER":"8d7a4e5c2342e5","level":"info","message":"EmailService: SMTP transporter initialized","timestamp":"2025-07-24T00:20:06.202Z"}
{"SMTP_HOST":"sandbox.smtp.mailtrap.io","SMTP_PORT":"2525","SMTP_USER":"8d7a4e5c2342e5","level":"info","message":"EmailService: SMTP transporter initialized","timestamp":"2025-07-24T00:20:45.922Z"}
{"SMTP_HOST":"sandbox.smtp.mailtrap.io","SMTP_PORT":"2525","SMTP_USER":"8d7a4e5c2342e5","level":"info","message":"EmailService: SMTP transporter initialized","timestamp":"2025-07-24T00:21:44.244Z"}
{"SMTP_HOST":"sandbox.smtp.mailtrap.io","SMTP_PORT":"2525","SMTP_USER":"8d7a4e5c2342e5","level":"info","message":"EmailService: SMTP transporter initialized","timestamp":"2025-07-24T00:24:10.784Z"}
{"SMTP_HOST":"sandbox.smtp.mailtrap.io","SMTP_PORT":"2525","SMTP_USER":"8d7a4e5c2342e5","level":"info","message":"EmailService: SMTP transporter initialized","timestamp":"2025-07-24T00:25:16.419Z"}
{"SMTP_HOST":"sandbox.smtp.mailtrap.io","SMTP_PORT":"2525","SMTP_USER":"8d7a4e5c2342e5","level":"info","message":"EmailService: SMTP transporter initialized","timestamp":"2025-07-24T00:27:32.699Z"}
{"SMTP_HOST":"sandbox.smtp.mailtrap.io","SMTP_PORT":"2525","SMTP_USER":"8d7a4e5c2342e5","level":"info","message":"EmailService: SMTP transporter initialized","timestamp":"2025-07-24T00:30:44.264Z"}
{"SMTP_HOST":"sandbox.smtp.mailtrap.io","SMTP_PORT":"2525","SMTP_USER":"8d7a4e5c2342e5","level":"info","message":"EmailService: SMTP transporter initialized","timestamp":"2025-07-24T00:35:41.819Z"}
{"SMTP_HOST":"sandbox.smtp.mailtrap.io","SMTP_PORT":"2525","SMTP_USER":"8d7a4e5c2342e5","level":"info","message":"EmailService: SMTP transporter initialized","timestamp":"2025-07-24T00:36:48.165Z"}
{"SMTP_HOST":"sandbox.smtp.mailtrap.io","SMTP_PORT":"2525","SMTP_USER":"8d7a4e5c2342e5","level":"info","message":"EmailService: SMTP transporter initialized","timestamp":"2025-07-24T00:38:59.790Z"}
{"SMTP_HOST":"sandbox.smtp.mailtrap.io","SMTP_PORT":"2525","SMTP_USER":"8d7a4e5c2342e5","level":"info","message":"EmailService: SMTP transporter initialized","timestamp":"2025-07-24T00:40:58.716Z"}
{"SMTP_HOST":"sandbox.smtp.mailtrap.io","SMTP_PORT":"2525","SMTP_USER":"8d7a4e5c2342e5","level":"info","message":"EmailService: SMTP transporter initialized","timestamp":"2025-07-24T00:42:13.792Z"}
{"SMTP_HOST":"sandbox.smtp.mailtrap.io","SMTP_PORT":"2525","SMTP_USER":"8d7a4e5c2342e5","level":"info","message":"EmailService: SMTP transporter initialized","timestamp":"2025-07-24T00:42:57.579Z"}
{"SMTP_HOST":"sandbox.smtp.mailtrap.io","SMTP_PORT":"2525","SMTP_USER":"8d7a4e5c2342e5","level":"info","message":"EmailService: SMTP transporter initialized","timestamp":"2025-07-24T00:47:28.285Z"}
{"SMTP_HOST":"sandbox.smtp.mailtrap.io","SMTP_PORT":"2525","SMTP_USER":"8d7a4e5c2342e5","level":"info","message":"EmailService: SMTP transporter initialized","timestamp":"2025-07-24T02:17:49.619Z"}
{"SMTP_HOST":"sandbox.smtp.mailtrap.io","SMTP_PORT":"2525","SMTP_USER":"8d7a4e5c2342e5","level":"info","message":"EmailService: SMTP transporter initialized","timestamp":"2025-07-24T02:20:10.371Z"}
{"SMTP_HOST":"sandbox.smtp.mailtrap.io","SMTP_PORT":"2525","SMTP_USER":"8d7a4e5c2342e5","level":"info","message":"EmailService: SMTP transporter initialized","timestamp":"2025-07-24T02:24:44.535Z"}
{"SMTP_HOST":"sandbox.smtp.mailtrap.io","SMTP_PORT":"2525","SMTP_USER":"8d7a4e5c2342e5","level":"info","message":"EmailService: SMTP transporter initialized","timestamp":"2025-07-24T10:29:17.740Z"}
{"SMTP_HOST":"sandbox.smtp.mailtrap.io","SMTP_PORT":"2525","SMTP_USER":"8d7a4e5c2342e5","level":"info","message":"EmailService: SMTP transporter initialized","timestamp":"2025-07-24T10:31:18.724Z"}
{"SMTP_HOST":"sandbox.smtp.mailtrap.io","SMTP_PORT":"2525","SMTP_USER":"8d7a4e5c2342e5","level":"info","message":"EmailService: SMTP transporter initialized","timestamp":"2025-07-24T10:39:37.180Z"}
{"SMTP_HOST":"sandbox.smtp.mailtrap.io","SMTP_PORT":"2525","SMTP_USER":"8d7a4e5c2342e5","level":"info","message":"EmailService: SMTP transporter initialized","timestamp":"2025-07-24T10:41:28.853Z"}
{"SMTP_HOST":"sandbox.smtp.mailtrap.io","SMTP_PORT":"2525","SMTP_USER":"8d7a4e5c2342e5","level":"info","message":"EmailService: SMTP transporter initialized","timestamp":"2025-07-24T10:53:57.939Z"}
{"SMTP_HOST":"sandbox.smtp.mailtrap.io","SMTP_PORT":"2525","SMTP_USER":"8d7a4e5c2342e5","level":"info","message":"EmailService: SMTP transporter initialized","timestamp":"2025-07-24T10:55:53.875Z"}
{"SMTP_HOST":"sandbox.smtp.mailtrap.io","SMTP_PORT":"2525","SMTP_USER":"8d7a4e5c2342e5","level":"info","message":"EmailService: SMTP transporter initialized","timestamp":"2025-07-24T10:57:26.502Z"}
{"SMTP_HOST":"sandbox.smtp.mailtrap.io","SMTP_PORT":"2525","SMTP_USER":"8d7a4e5c2342e5","level":"info","message":"EmailService: SMTP transporter initialized","timestamp":"2025-07-24T10:58:04.307Z"}
{"SMTP_HOST":"sandbox.smtp.mailtrap.io","SMTP_PORT":"2525","SMTP_USER":"8d7a4e5c2342e5","level":"info","message":"EmailService: SMTP transporter initialized","timestamp":"2025-07-24T10:58:49.580Z"}
{"SMTP_HOST":"sandbox.smtp.mailtrap.io","SMTP_PORT":"2525","SMTP_USER":"8d7a4e5c2342e5","level":"info","message":"EmailService: SMTP transporter initialized","timestamp":"2025-07-24T11:24:59.577Z"}
{"SMTP_HOST":"sandbox.smtp.mailtrap.io","SMTP_PORT":"2525","SMTP_USER":"8d7a4e5c2342e5","level":"info","message":"EmailService: SMTP transporter initialized","timestamp":"2025-07-24T11:25:25.631Z"}
{"SMTP_HOST":"sandbox.smtp.mailtrap.io","SMTP_PORT":"2525","SMTP_USER":"8d7a4e5c2342e5","level":"info","message":"EmailService: SMTP transporter initialized","timestamp":"2025-07-24T11:29:45.209Z"}
{"SMTP_HOST":"sandbox.smtp.mailtrap.io","SMTP_PORT":"2525","SMTP_USER":"8d7a4e5c2342e5","level":"info","message":"EmailService: SMTP transporter initialized","timestamp":"2025-07-24T11:30:51.808Z"}
{"SMTP_HOST":"sandbox.smtp.mailtrap.io","SMTP_PORT":"2525","SMTP_USER":"8d7a4e5c2342e5","level":"info","message":"EmailService: SMTP transporter initialized","timestamp":"2025-07-24T11:32:30.488Z"}
{"SMTP_HOST":"sandbox.smtp.mailtrap.io","SMTP_PORT":"2525","SMTP_USER":"8d7a4e5c2342e5","level":"info","message":"EmailService: SMTP transporter initialized","timestamp":"2025-07-24T11:34:42.459Z"}
{"SMTP_HOST":"sandbox.smtp.mailtrap.io","SMTP_PORT":"2525","SMTP_USER":"8d7a4e5c2342e5","level":"info","message":"EmailService: SMTP transporter initialized","timestamp":"2025-07-24T11:36:07.501Z"}
{"SMTP_HOST":"sandbox.smtp.mailtrap.io","SMTP_PORT":"2525","SMTP_USER":"8d7a4e5c2342e5","level":"info","message":"EmailService: SMTP transporter initialized","timestamp":"2025-07-24T11:39:01.318Z"}
{"SMTP_HOST":"sandbox.smtp.mailtrap.io","SMTP_PORT":"2525","SMTP_USER":"8d7a4e5c2342e5","level":"info","message":"EmailService: SMTP transporter initialized","timestamp":"2025-07-24T11:39:27.887Z"}
{"SMTP_HOST":"sandbox.smtp.mailtrap.io","SMTP_PORT":"2525","SMTP_USER":"8d7a4e5c2342e5","level":"info","message":"EmailService: SMTP transporter initialized","timestamp":"2025-07-24T11:40:26.099Z"}
{"SMTP_HOST":"sandbox.smtp.mailtrap.io","SMTP_PORT":"2525","SMTP_USER":"8d7a4e5c2342e5","level":"info","message":"EmailService: SMTP transporter initialized","timestamp":"2025-07-24T11:41:45.055Z"}
{"SMTP_HOST":"sandbox.smtp.mailtrap.io","SMTP_PORT":"2525","SMTP_USER":"8d7a4e5c2342e5","level":"info","message":"EmailService: SMTP transporter initialized","timestamp":"2025-07-24T11:42:40.462Z"}
{"SMTP_HOST":"sandbox.smtp.mailtrap.io","SMTP_PORT":"2525","SMTP_USER":"8d7a4e5c2342e5","level":"info","message":"EmailService: SMTP transporter initialized","timestamp":"2025-07-24T11:43:28.693Z"}
{"SMTP_HOST":"sandbox.smtp.mailtrap.io","SMTP_PORT":"2525","SMTP_USER":"8d7a4e5c2342e5","level":"info","message":"EmailService: SMTP transporter initialized","timestamp":"2025-07-24T11:55:21.629Z"}
{"SMTP_HOST":"sandbox.smtp.mailtrap.io","SMTP_PORT":"2525","SMTP_USER":"8d7a4e5c2342e5","level":"info","message":"EmailService: SMTP transporter initialized","timestamp":"2025-07-24T12:05:37.088Z"}
{"SMTP_HOST":"sandbox.smtp.mailtrap.io","SMTP_PORT":"2525","SMTP_USER":"8d7a4e5c2342e5","level":"info","message":"EmailService: SMTP transporter initialized","timestamp":"2025-07-24T12:07:35.873Z"}
{"SMTP_HOST":"sandbox.smtp.mailtrap.io","SMTP_PORT":"2525","SMTP_USER":"8d7a4e5c2342e5","level":"info","message":"EmailService: SMTP transporter initialized","timestamp":"2025-07-24T12:13:04.435Z"}
{"SMTP_HOST":"sandbox.smtp.mailtrap.io","SMTP_PORT":"2525","SMTP_USER":"8d7a4e5c2342e5","level":"info","message":"EmailService: SMTP transporter initialized","timestamp":"2025-07-24T12:14:18.967Z"}
{"SMTP_HOST":"sandbox.smtp.mailtrap.io","SMTP_PORT":"2525","SMTP_USER":"8d7a4e5c2342e5","level":"info","message":"EmailService: SMTP transporter initialized","timestamp":"2025-07-24T12:15:45.708Z"}
{"SMTP_HOST":"sandbox.smtp.mailtrap.io","SMTP_PORT":"2525","SMTP_USER":"8d7a4e5c2342e5","level":"info","message":"EmailService: SMTP transporter initialized","timestamp":"2025-07-25T00:12:59.141Z"}
{"SMTP_HOST":"sandbox.smtp.mailtrap.io","SMTP_PORT":"2525","SMTP_USER":"8d7a4e5c2342e5","level":"info","message":"EmailService: SMTP transporter initialized","timestamp":"2025-07-25T00:14:23.173Z"}
{"SMTP_HOST":"sandbox.smtp.mailtrap.io","SMTP_PORT":"2525","SMTP_USER":"8d7a4e5c2342e5","level":"info","message":"EmailService: SMTP transporter initialized","timestamp":"2025-07-25T00:19:06.827Z"}
{"SMTP_HOST":"sandbox.smtp.mailtrap.io","SMTP_PORT":"2525","SMTP_USER":"8d7a4e5c2342e5","level":"info","message":"EmailService: SMTP transporter initialized","timestamp":"2025-07-25T00:21:45.836Z"}
{"SMTP_HOST":"sandbox.smtp.mailtrap.io","SMTP_PORT":"2525","SMTP_USER":"8d7a4e5c2342e5","level":"info","message":"EmailService: SMTP transporter initialized","timestamp":"2025-07-25T00:55:43.701Z"}
{"SMTP_HOST":"sandbox.smtp.mailtrap.io","SMTP_PORT":"2525","SMTP_USER":"8d7a4e5c2342e5","level":"info","message":"EmailService: SMTP transporter initialized","timestamp":"2025-07-25T00:58:40.004Z"}
{"SMTP_HOST":"sandbox.smtp.mailtrap.io","SMTP_PORT":"2525","SMTP_USER":"8d7a4e5c2342e5","level":"info","message":"EmailService: SMTP transporter initialized","timestamp":"2025-07-25T01:00:31.860Z"}
{"SMTP_HOST":"sandbox.smtp.mailtrap.io","SMTP_PORT":"2525","SMTP_USER":"8d7a4e5c2342e5","level":"info","message":"EmailService: SMTP transporter initialized","timestamp":"2025-07-25T01:07:13.683Z"}
{"SMTP_HOST":"sandbox.smtp.mailtrap.io","SMTP_PORT":"2525","SMTP_USER":"8d7a4e5c2342e5","level":"info","message":"EmailService: SMTP transporter initialized","timestamp":"2025-07-25T01:12:52.394Z"}
{"SMTP_HOST":"sandbox.smtp.mailtrap.io","SMTP_PORT":"2525","SMTP_USER":"8d7a4e5c2342e5","level":"info","message":"EmailService: SMTP transporter initialized","timestamp":"2025-07-25T01:27:22.176Z"}
{"SMTP_HOST":"sandbox.smtp.mailtrap.io","SMTP_PORT":"2525","SMTP_USER":"8d7a4e5c2342e5","level":"info","message":"EmailService: SMTP transporter initialized","timestamp":"2025-07-25T01:28:42.634Z"}
{"SMTP_HOST":"sandbox.smtp.mailtrap.io","SMTP_PORT":"2525","SMTP_USER":"8d7a4e5c2342e5","level":"info","message":"EmailService: SMTP transporter initialized","timestamp":"2025-07-25T01:31:32.567Z"}
{"SMTP_HOST":"sandbox.smtp.mailtrap.io","SMTP_PORT":"2525","SMTP_USER":"8d7a4e5c2342e5","level":"info","message":"EmailService: SMTP transporter initialized","timestamp":"2025-07-25T01:34:55.395Z"}
{"SMTP_HOST":"sandbox.smtp.mailtrap.io","SMTP_PORT":"2525","SMTP_USER":"8d7a4e5c2342e5","level":"info","message":"EmailService: SMTP transporter initialized","timestamp":"2025-07-25T01:40:16.540Z"}
{"SMTP_HOST":"sandbox.smtp.mailtrap.io","SMTP_PORT":"2525","SMTP_USER":"8d7a4e5c2342e5","level":"info","message":"EmailService: SMTP transporter initialized","timestamp":"2025-07-25T01:40:34.609Z"}
{"SMTP_HOST":"sandbox.smtp.mailtrap.io","SMTP_PORT":"2525","SMTP_USER":"8d7a4e5c2342e5","level":"info","message":"EmailService: SMTP transporter initialized","timestamp":"2025-07-25T01:41:09.436Z"}
{"SMTP_HOST":"sandbox.smtp.mailtrap.io","SMTP_PORT":"2525","SMTP_USER":"8d7a4e5c2342e5","level":"info","message":"EmailService: SMTP transporter initialized","timestamp":"2025-07-25T01:42:45.015Z"}
{"SMTP_HOST":"sandbox.smtp.mailtrap.io","SMTP_PORT":"2525","SMTP_USER":"8d7a4e5c2342e5","level":"info","message":"EmailService: SMTP transporter initialized","timestamp":"2025-07-25T01:46:24.348Z"}
{"SMTP_HOST":"sandbox.smtp.mailtrap.io","SMTP_PORT":"2525","SMTP_USER":"8d7a4e5c2342e5","level":"info","message":"EmailService: SMTP transporter initialized","timestamp":"2025-07-25T01:48:24.606Z"}
{"SMTP_HOST":"sandbox.smtp.mailtrap.io","SMTP_PORT":"2525","SMTP_USER":"8d7a4e5c2342e5","level":"info","message":"EmailService: SMTP transporter initialized","timestamp":"2025-07-25T01:49:18.256Z"}
{"SMTP_HOST":"sandbox.smtp.mailtrap.io","SMTP_PORT":"2525","SMTP_USER":"8d7a4e5c2342e5","level":"info","message":"EmailService: SMTP transporter initialized","timestamp":"2025-07-25T01:50:54.551Z"}
{"SMTP_HOST":"sandbox.smtp.mailtrap.io","SMTP_PORT":"2525","SMTP_USER":"8d7a4e5c2342e5","level":"info","message":"EmailService: SMTP transporter initialized","timestamp":"2025-07-25T01:51:34.674Z"}
{"SMTP_HOST":"sandbox.smtp.mailtrap.io","SMTP_PORT":"2525","SMTP_USER":"8d7a4e5c2342e5","level":"info","message":"EmailService: SMTP transporter initialized","timestamp":"2025-07-25T01:52:54.553Z"}
{"SMTP_HOST":"sandbox.smtp.mailtrap.io","SMTP_PORT":"2525","SMTP_USER":"8d7a4e5c2342e5","level":"info","message":"EmailService: SMTP transporter initialized","timestamp":"2025-07-25T01:56:51.944Z"}
{"SMTP_HOST":"sandbox.smtp.mailtrap.io","SMTP_PORT":"2525","SMTP_USER":"8d7a4e5c2342e5","level":"info","message":"EmailService: SMTP transporter initialized","timestamp":"2025-07-25T01:59:02.483Z"}
{"SMTP_HOST":"sandbox.smtp.mailtrap.io","SMTP_PORT":"2525","SMTP_USER":"8d7a4e5c2342e5","level":"info","message":"EmailService: SMTP transporter initialized","timestamp":"2025-07-25T02:03:39.725Z"}
{"SMTP_HOST":"sandbox.smtp.mailtrap.io","SMTP_PORT":"2525","SMTP_USER":"8d7a4e5c2342e5","level":"info","message":"EmailService: SMTP transporter initialized","timestamp":"2025-07-25T02:04:25.375Z"}
{"SMTP_HOST":"sandbox.smtp.mailtrap.io","SMTP_PORT":"2525","SMTP_USER":"8d7a4e5c2342e5","level":"info","message":"EmailService: SMTP transporter initialized","timestamp":"2025-07-25T02:06:14.569Z"}
{"SMTP_HOST":"sandbox.smtp.mailtrap.io","SMTP_PORT":"2525","SMTP_USER":"8d7a4e5c2342e5","level":"info","message":"EmailService: SMTP transporter initialized","timestamp":"2025-07-25T02:07:09.631Z"}
{"SMTP_HOST":"sandbox.smtp.mailtrap.io","SMTP_PORT":"2525","SMTP_USER":"8d7a4e5c2342e5","level":"info","message":"EmailService: SMTP transporter initialized","timestamp":"2025-07-25T05:04:53.887Z"}
{"SMTP_HOST":"sandbox.smtp.mailtrap.io","SMTP_PORT":"2525","SMTP_USER":"8d7a4e5c2342e5","level":"info","message":"EmailService: SMTP transporter initialized","timestamp":"2025-07-25T06:02:28.951Z"}
{"SMTP_HOST":"sandbox.smtp.mailtrap.io","SMTP_PORT":"2525","SMTP_USER":"8d7a4e5c2342e5","level":"info","message":"EmailService: SMTP transporter initialized","timestamp":"2025-07-25T06:08:59.200Z"}
{"SMTP_HOST":"sandbox.smtp.mailtrap.io","SMTP_PORT":"2525","SMTP_USER":"8d7a4e5c2342e5","level":"info","message":"EmailService: SMTP transporter initialized","timestamp":"2025-07-25T06:09:58.750Z"}
{"SMTP_HOST":"sandbox.smtp.mailtrap.io","SMTP_PORT":"2525","SMTP_USER":"8d7a4e5c2342e5","level":"info","message":"EmailService: SMTP transporter initialized","timestamp":"2025-07-25T06:13:25.631Z"}
{"SMTP_HOST":"sandbox.smtp.mailtrap.io","SMTP_PORT":"2525","SMTP_USER":"8d7a4e5c2342e5","level":"info","message":"EmailService: SMTP transporter initialized","timestamp":"2025-07-25T07:22:23.709Z"}
{"SMTP_HOST":"sandbox.smtp.mailtrap.io","SMTP_PORT":"2525","SMTP_USER":"8d7a4e5c2342e5","level":"info","message":"EmailService: SMTP transporter initialized","timestamp":"2025-07-25T07:25:06.126Z"}
{"SMTP_HOST":"sandbox.smtp.mailtrap.io","SMTP_PORT":"2525","SMTP_USER":"8d7a4e5c2342e5","level":"info","message":"EmailService: SMTP transporter initialized","timestamp":"2025-07-25T07:25:54.428Z"}
{"SMTP_HOST":"sandbox.smtp.mailtrap.io","SMTP_PORT":"2525","SMTP_USER":"8d7a4e5c2342e5","level":"info","message":"EmailService: SMTP transporter initialized","timestamp":"2025-07-25T07:29:48.377Z"}
{"SMTP_HOST":"sandbox.smtp.mailtrap.io","SMTP_PORT":"2525","SMTP_USER":"8d7a4e5c2342e5","level":"info","message":"EmailService: SMTP transporter initialized","timestamp":"2025-07-25T07:31:01.480Z"}
{"SMTP_HOST":"sandbox.smtp.mailtrap.io","SMTP_PORT":"2525","SMTP_USER":"8d7a4e5c2342e5","level":"info","message":"EmailService: SMTP transporter initialized","timestamp":"2025-07-25T07:35:07.798Z"}
{"SMTP_HOST":"sandbox.smtp.mailtrap.io","SMTP_PORT":"2525","SMTP_USER":"8d7a4e5c2342e5","level":"info","message":"EmailService: SMTP transporter initialized","timestamp":"2025-07-25T07:38:39.814Z"}
{"SMTP_HOST":"sandbox.smtp.mailtrap.io","SMTP_PORT":"2525","SMTP_USER":"8d7a4e5c2342e5","level":"info","message":"EmailService: SMTP transporter initialized","timestamp":"2025-07-25T07:39:42.673Z"}
{"SMTP_HOST":"sandbox.smtp.mailtrap.io","SMTP_PORT":"2525","SMTP_USER":"8d7a4e5c2342e5","level":"info","message":"EmailService: SMTP transporter initialized","timestamp":"2025-07-25T07:44:19.120Z"}
{"SMTP_HOST":"sandbox.smtp.mailtrap.io","SMTP_PORT":"2525","SMTP_USER":"8d7a4e5c2342e5","level":"info","message":"EmailService: SMTP transporter initialized","timestamp":"2025-07-25T07:47:10.180Z"}
{"SMTP_HOST":"sandbox.smtp.mailtrap.io","SMTP_PORT":"2525","SMTP_USER":"8d7a4e5c2342e5","level":"info","message":"EmailService: SMTP transporter initialized","timestamp":"2025-07-25T07:50:17.568Z"}
{"SMTP_HOST":"sandbox.smtp.mailtrap.io","SMTP_PORT":"2525","SMTP_USER":"8d7a4e5c2342e5","level":"info","message":"EmailService: SMTP transporter initialized","timestamp":"2025-07-25T07:51:18.844Z"}
{"SMTP_HOST":"sandbox.smtp.mailtrap.io","SMTP_PORT":"2525","SMTP_USER":"8d7a4e5c2342e5","level":"info","message":"EmailService: SMTP transporter initialized","timestamp":"2025-07-25T07:52:14.274Z"}
{"level":"warn","message":"authorize: unauthenticated access","permission":"jobs.create","timestamp":"2025-07-25T07:52:57.559Z"}
{"SMTP_HOST":"sandbox.smtp.mailtrap.io","SMTP_PORT":"2525","SMTP_USER":"8d7a4e5c2342e5","level":"info","message":"EmailService: SMTP transporter initialized","timestamp":"2025-07-25T07:53:55.208Z"}
{"SMTP_HOST":"sandbox.smtp.mailtrap.io","SMTP_PORT":"2525","SMTP_USER":"8d7a4e5c2342e5","level":"info","message":"EmailService: SMTP transporter initialized","timestamp":"2025-07-25T09:28:40.839Z"}
{"SMTP_HOST":"sandbox.smtp.mailtrap.io","SMTP_PORT":"2525","SMTP_USER":"8d7a4e5c2342e5","level":"info","message":"EmailService: SMTP transporter initialized","timestamp":"2025-07-27T13:15:07.383Z"}
{"SMTP_HOST":"sandbox.smtp.mailtrap.io","SMTP_PORT":"2525","SMTP_USER":"8d7a4e5c2342e5","level":"info","message":"EmailService: SMTP transporter initialized","timestamp":"2025-07-28T04:12:00.404Z"}
{"SMTP_HOST":"sandbox.smtp.mailtrap.io","SMTP_PORT":"2525","SMTP_USER":"8d7a4e5c2342e5","level":"info","message":"EmailService: SMTP transporter initialized","timestamp":"2025-07-28T04:15:30.651Z"}
{"SMTP_HOST":"sandbox.smtp.mailtrap.io","SMTP_PORT":"2525","SMTP_USER":"8d7a4e5c2342e5","level":"info","message":"EmailService: SMTP transporter initialized","timestamp":"2025-07-28T04:18:37.171Z"}
{"SMTP_HOST":"sandbox.smtp.mailtrap.io","SMTP_PORT":"2525","SMTP_USER":"8d7a4e5c2342e5","level":"info","message":"EmailService: SMTP transporter initialized","timestamp":"2025-07-28T04:46:18.375Z"}
{"SMTP_HOST":"sandbox.smtp.mailtrap.io","SMTP_PORT":"2525","SMTP_USER":"8d7a4e5c2342e5","level":"info","message":"EmailService: SMTP transporter initialized","timestamp":"2025-07-28T04:46:51.878Z"}
{"SMTP_HOST":"sandbox.smtp.mailtrap.io","SMTP_PORT":"2525","SMTP_USER":"8d7a4e5c2342e5","level":"info","message":"EmailService: SMTP transporter initialized","timestamp":"2025-07-28T05:18:31.521Z"}
{"SMTP_HOST":"sandbox.smtp.mailtrap.io","SMTP_PORT":"2525","SMTP_USER":"8d7a4e5c2342e5","level":"info","message":"EmailService: SMTP transporter initialized","timestamp":"2025-07-28T05:24:22.985Z"}
{"SMTP_HOST":"sandbox.smtp.mailtrap.io","SMTP_PORT":"2525","SMTP_USER":"8d7a4e5c2342e5","level":"info","message":"EmailService: SMTP transporter initialized","timestamp":"2025-07-28T05:25:41.410Z"}
{"SMTP_HOST":"sandbox.smtp.mailtrap.io","SMTP_PORT":"2525","SMTP_USER":"8d7a4e5c2342e5","level":"info","message":"EmailService: SMTP transporter initialized","timestamp":"2025-07-28T05:33:37.972Z"}
{"SMTP_HOST":"sandbox.smtp.mailtrap.io","SMTP_PORT":"2525","SMTP_USER":"8d7a4e5c2342e5","level":"info","message":"EmailService: SMTP transporter initialized","timestamp":"2025-07-28T06:01:43.309Z"}
{"SMTP_HOST":"sandbox.smtp.mailtrap.io","SMTP_PORT":"2525","SMTP_USER":"8d7a4e5c2342e5","level":"info","message":"EmailService: SMTP transporter initialized","timestamp":"2025-07-28T06:21:37.693Z"}
{"SMTP_HOST":"sandbox.smtp.mailtrap.io","SMTP_PORT":"2525","SMTP_USER":"8d7a4e5c2342e5","level":"info","message":"EmailService: SMTP transporter initialized","timestamp":"2025-07-28T06:23:35.105Z"}
{"SMTP_HOST":"sandbox.smtp.mailtrap.io","SMTP_PORT":"2525","SMTP_USER":"8d7a4e5c2342e5","level":"info","message":"EmailService: SMTP transporter initialized","timestamp":"2025-07-28T06:24:39.353Z"}
{"SMTP_HOST":"sandbox.smtp.mailtrap.io","SMTP_PORT":"2525","SMTP_USER":"8d7a4e5c2342e5","level":"info","message":"EmailService: SMTP transporter initialized","timestamp":"2025-07-28T06:25:15.432Z"}
{"SMTP_HOST":"sandbox.smtp.mailtrap.io","SMTP_PORT":"2525","SMTP_USER":"8d7a4e5c2342e5","level":"info","message":"EmailService: SMTP transporter initialized","timestamp":"2025-07-28T06:25:36.714Z"}
{"SMTP_HOST":"sandbox.smtp.mailtrap.io","SMTP_PORT":"2525","SMTP_USER":"8d7a4e5c2342e5","level":"info","message":"EmailService: SMTP transporter initialized","timestamp":"2025-07-28T06:27:23.031Z"}
{"SMTP_HOST":"sandbox.smtp.mailtrap.io","SMTP_PORT":"2525","SMTP_USER":"8d7a4e5c2342e5","level":"info","message":"EmailService: SMTP transporter initialized","timestamp":"2025-07-28T06:28:34.210Z"}
{"SMTP_HOST":"sandbox.smtp.mailtrap.io","SMTP_PORT":"2525","SMTP_USER":"8d7a4e5c2342e5","level":"info","message":"EmailService: SMTP transporter initialized","timestamp":"2025-07-28T06:29:14.570Z"}
{"SMTP_HOST":"sandbox.smtp.mailtrap.io","SMTP_PORT":"2525","SMTP_USER":"8d7a4e5c2342e5","level":"info","message":"EmailService: SMTP transporter initialized","timestamp":"2025-07-28T06:32:06.325Z"}
{"SMTP_HOST":"sandbox.smtp.mailtrap.io","SMTP_PORT":"2525","SMTP_USER":"8d7a4e5c2342e5","level":"info","message":"EmailService: SMTP transporter initialized","timestamp":"2025-07-28T06:47:28.819Z"}
{"SMTP_HOST":"sandbox.smtp.mailtrap.io","SMTP_PORT":"2525","SMTP_USER":"8d7a4e5c2342e5","level":"info","message":"EmailService: SMTP transporter initialized","timestamp":"2025-07-28T06:48:28.004Z"}
{"SMTP_HOST":"sandbox.smtp.mailtrap.io","SMTP_PORT":"2525","SMTP_USER":"8d7a4e5c2342e5","level":"info","message":"EmailService: SMTP transporter initialized","timestamp":"2025-07-28T06:49:37.530Z"}
{"SMTP_HOST":"sandbox.smtp.mailtrap.io","SMTP_PORT":"2525","SMTP_USER":"8d7a4e5c2342e5","level":"info","message":"EmailService: SMTP transporter initialized","timestamp":"2025-07-28T06:50:36.137Z"}
{"SMTP_HOST":"sandbox.smtp.mailtrap.io","SMTP_PORT":"2525","SMTP_USER":"8d7a4e5c2342e5","level":"info","message":"EmailService: SMTP transporter initialized","timestamp":"2025-07-28T06:55:19.221Z"}
{"SMTP_HOST":"sandbox.smtp.mailtrap.io","SMTP_PORT":"2525","SMTP_USER":"8d7a4e5c2342e5","level":"info","message":"EmailService: SMTP transporter initialized","timestamp":"2025-07-28T07:02:52.235Z"}
{"SMTP_HOST":"sandbox.smtp.mailtrap.io","SMTP_PORT":"2525","SMTP_USER":"8d7a4e5c2342e5","level":"info","message":"EmailService: SMTP transporter initialized","timestamp":"2025-07-28T07:03:22.634Z"}
{"SMTP_HOST":"sandbox.smtp.mailtrap.io","SMTP_PORT":"2525","SMTP_USER":"8d7a4e5c2342e5","level":"info","message":"EmailService: SMTP transporter initialized","timestamp":"2025-07-28T07:03:57.074Z"}
{"SMTP_HOST":"sandbox.smtp.mailtrap.io","SMTP_PORT":"2525","SMTP_USER":"8d7a4e5c2342e5","level":"info","message":"EmailService: SMTP transporter initialized","timestamp":"2025-07-28T07:06:17.292Z"}
{"SMTP_HOST":"sandbox.smtp.mailtrap.io","SMTP_PORT":"2525","SMTP_USER":"8d7a4e5c2342e5","level":"info","message":"EmailService: SMTP transporter initialized","timestamp":"2025-07-28T07:09:38.587Z"}
{"SMTP_HOST":"sandbox.smtp.mailtrap.io","SMTP_PORT":"2525","SMTP_USER":"8d7a4e5c2342e5","level":"info","message":"EmailService: SMTP transporter initialized","timestamp":"2025-07-28T07:23:17.078Z"}
{"SMTP_HOST":"sandbox.smtp.mailtrap.io","SMTP_PORT":"2525","SMTP_USER":"8d7a4e5c2342e5","level":"info","message":"EmailService: SMTP transporter initialized","timestamp":"2025-07-28T07:34:19.876Z"}
{"SMTP_HOST":"sandbox.smtp.mailtrap.io","SMTP_PORT":"2525","SMTP_USER":"8d7a4e5c2342e5","level":"info","message":"EmailService: SMTP transporter initialized","timestamp":"2025-07-28T07:39:07.219Z"}
{"SMTP_HOST":"sandbox.smtp.mailtrap.io","SMTP_PORT":"2525","SMTP_USER":"8d7a4e5c2342e5","level":"info","message":"EmailService: SMTP transporter initialized","timestamp":"2025-07-28T07:46:00.218Z"}
{"SMTP_HOST":"sandbox.smtp.mailtrap.io","SMTP_PORT":"2525","SMTP_USER":"8d7a4e5c2342e5","level":"info","message":"EmailService: SMTP transporter initialized","timestamp":"2025-07-28T08:08:07.332Z"}
{"SMTP_HOST":"sandbox.smtp.mailtrap.io","SMTP_PORT":"2525","SMTP_USER":"8d7a4e5c2342e5","level":"info","message":"EmailService: SMTP transporter initialized","timestamp":"2025-07-28T08:10:51.868Z"}
{"SMTP_HOST":"sandbox.smtp.mailtrap.io","SMTP_PORT":"2525","SMTP_USER":"8d7a4e5c2342e5","level":"info","message":"EmailService: SMTP transporter initialized","timestamp":"2025-07-28T08:25:43.722Z"}
{"SMTP_HOST":"sandbox.smtp.mailtrap.io","SMTP_PORT":"2525","SMTP_USER":"8d7a4e5c2342e5","level":"info","message":"EmailService: SMTP transporter initialized","timestamp":"2025-07-28T08:29:13.025Z"}
{"SMTP_HOST":"sandbox.smtp.mailtrap.io","SMTP_PORT":"2525","SMTP_USER":"8d7a4e5c2342e5","level":"info","message":"EmailService: SMTP transporter initialized","timestamp":"2025-07-28T11:31:13.183Z"}
{"SMTP_HOST":"sandbox.smtp.mailtrap.io","SMTP_PORT":"2525","SMTP_USER":"8d7a4e5c2342e5","level":"info","message":"EmailService: SMTP transporter initialized","timestamp":"2025-07-28T11:49:25.815Z"}
{"SMTP_HOST":"sandbox.smtp.mailtrap.io","SMTP_PORT":"2525","SMTP_USER":"8d7a4e5c2342e5","level":"info","message":"EmailService: SMTP transporter initialized","timestamp":"2025-07-29T08:17:35.386Z"}
{"SMTP_HOST":"sandbox.smtp.mailtrap.io","SMTP_PORT":"2525","SMTP_USER":"8d7a4e5c2342e5","level":"info","message":"EmailService: SMTP transporter initialized","timestamp":"2025-07-29T08:23:46.619Z"}
{"SMTP_HOST":"sandbox.smtp.mailtrap.io","SMTP_PORT":"2525","SMTP_USER":"8d7a4e5c2342e5","level":"info","message":"EmailService: SMTP transporter initialized","timestamp":"2025-07-29T08:29:24.192Z"}
{"SMTP_HOST":"sandbox.smtp.mailtrap.io","SMTP_PORT":"2525","SMTP_USER":"8d7a4e5c2342e5","level":"info","message":"EmailService: SMTP transporter initialized","timestamp":"2025-07-29T08:32:22.791Z"}
{"SMTP_HOST":"sandbox.smtp.mailtrap.io","SMTP_PORT":"2525","SMTP_USER":"8d7a4e5c2342e5","level":"info","message":"EmailService: SMTP transporter initialized","timestamp":"2025-07-29T08:41:10.054Z"}
{"SMTP_HOST":"sandbox.smtp.mailtrap.io","SMTP_PORT":"2525","SMTP_USER":"8d7a4e5c2342e5","level":"info","message":"EmailService: SMTP transporter initialized","timestamp":"2025-07-29T08:42:24.443Z"}
{"SMTP_HOST":"sandbox.smtp.mailtrap.io","SMTP_PORT":"2525","SMTP_USER":"8d7a4e5c2342e5","level":"info","message":"EmailService: SMTP transporter initialized","timestamp":"2025-07-29T08:50:41.351Z"}
{"SMTP_HOST":"sandbox.smtp.mailtrap.io","SMTP_PORT":"2525","SMTP_USER":"8d7a4e5c2342e5","level":"info","message":"EmailService: SMTP transporter initialized","timestamp":"2025-07-29T08:52:14.026Z"}
{"SMTP_HOST":"sandbox.smtp.mailtrap.io","SMTP_PORT":"2525","SMTP_USER":"8d7a4e5c2342e5","level":"info","message":"EmailService: SMTP transporter initialized","timestamp":"2025-07-29T08:54:46.238Z"}
{"SMTP_HOST":"sandbox.smtp.mailtrap.io","SMTP_PORT":"2525","SMTP_USER":"8d7a4e5c2342e5","level":"info","message":"EmailService: SMTP transporter initialized","timestamp":"2025-07-29T09:00:26.148Z"}
{"SMTP_HOST":"sandbox.smtp.mailtrap.io","SMTP_PORT":"2525","SMTP_USER":"8d7a4e5c2342e5","level":"info","message":"EmailService: SMTP transporter initialized","timestamp":"2025-07-29T09:03:00.546Z"}
{"SMTP_HOST":"sandbox.smtp.mailtrap.io","SMTP_PORT":"2525","SMTP_USER":"8d7a4e5c2342e5","level":"info","message":"EmailService: SMTP transporter initialized","timestamp":"2025-07-29T09:03:44.790Z"}
{"SMTP_HOST":"sandbox.smtp.mailtrap.io","SMTP_PORT":"2525","SMTP_USER":"8d7a4e5c2342e5","level":"info","message":"EmailService: SMTP transporter initialized","timestamp":"2025-07-29T09:05:25.069Z"}
{"SMTP_HOST":"sandbox.smtp.mailtrap.io","SMTP_PORT":"2525","SMTP_USER":"8d7a4e5c2342e5","level":"info","message":"EmailService: SMTP transporter initialized","timestamp":"2025-07-29T09:10:24.626Z"}
{"SMTP_HOST":"sandbox.smtp.mailtrap.io","SMTP_PORT":"2525","SMTP_USER":"8d7a4e5c2342e5","level":"info","message":"EmailService: SMTP transporter initialized","timestamp":"2025-07-29T12:19:07.325Z"}
{"SMTP_HOST":"sandbox.smtp.mailtrap.io","SMTP_PORT":"2525","SMTP_USER":"8d7a4e5c2342e5","level":"info","message":"EmailService: SMTP transporter initialized","timestamp":"2025-07-29T12:34:54.201Z"}
{"SMTP_HOST":"sandbox.smtp.mailtrap.io","SMTP_PORT":"2525","SMTP_USER":"8d7a4e5c2342e5","level":"info","message":"EmailService: SMTP transporter initialized","timestamp":"2025-07-29T13:20:48.394Z"}
